[2026-05-04 11:32:14] [INFO] DB connected | {"db":"kwikar"} | IP:::1 POST /mono-kwikar/backend/booking_api.php
[2026-05-04 11:32:14] [INFO] Booking created | {"id":"35","service":"ac","pincode":"812000","available":0} | IP:::1 POST /mono-kwikar/backend/booking_api.php
[2026-05-04 11:32:23] [INFO] DB connected | {"db":"kwikar"} | IP:::1 POST /mono-kwikar/backend/booking_api.php
[2026-05-04 11:32:23] [INFO] Feedback saved | {"pincode":"812000","wants":1} | IP:::1 POST /mono-kwikar/backend/booking_api.php
[2026-05-04 11:43:12] [INFO] Bookings fetched | {"phone":"6205531392","count":35} | IP:::1 GET /mono-kwikar/backend/user_api.php?action=get_bookings&phone=6205531392
[2026-05-04 11:43:17] [INFO] Bookings fetched | {"phone":"6205531392","count":35} | IP:::1 GET /mono-kwikar/backend/user_api.php?action=get_bookings&phone=6205531392
[2026-05-04 12:05:34] [INFO] User saved | {"phone":"6205531392"} | IP:::1 POST /mono-kwikar/backend/user_api.php?action=save_user
[2026-05-04 12:10:39] [INFO] DB connected | {"db":"kwikar"} | IP:::1 POST /mono-kwikar/backend/booking_api.php
[2026-05-04 12:10:39] [INFO] Booking created | {"id":"36","service":"ac","pincode":"812006","available":1} | IP:::1 POST /mono-kwikar/backend/booking_api.php
[2026-05-04 12:13:51] [INFO] DB connected | {"db":"kwikar"} | IP:::1 POST /mono-kwikar/backend/booking_api.php
[2026-05-04 12:13:51] [INFO] Booking created | {"id":"37","service":"ac","pincode":"812006","available":1} | IP:::1 POST /mono-kwikar/backend/booking_api.php
[2026-05-04 12:17:25] [INFO] Bookings fetched | {"phone":"6205531392","count":37} | IP:::1 GET /mono-kwikar/backend/user_api.php?action=get_bookings&phone=6205531392
[2026-05-04 12:18:26] [INFO] User saved | {"phone":"6205531392"} | IP:::1 POST /mono-kwikar/backend/user_api.php?action=save_user
[2026-05-04 12:18:43] [INFO] DB connected | {"db":"kwikar"} | IP:::1 POST /mono-kwikar/backend/booking_api.php
[2026-05-04 12:18:43] [INFO] Booking created | {"id":"38","service":"ac","pincode":"812006","available":1} | IP:::1 POST /mono-kwikar/backend/booking_api.php
[2026-05-04 12:19:02] [INFO] Bookings fetched | {"phone":"6205531392","count":38} | IP:::1 GET /mono-kwikar/backend/user_api.php?action=get_bookings&phone=6205531392
[2026-05-04 12:46:23] [INFO] Bookings fetched | {"phone":"6205531392","count":38} | IP:::1 GET /mono-kwikar/backend/user_api.php?action=get_bookings&phone=6205531392
[2026-05-04 12:46:32] [INFO] Bookings fetched | {"phone":"6205531392","count":38} | IP:::1 GET /mono-kwikar/backend/user_api.php?action=get_bookings&phone=6205531392
[2026-05-04 12:47:00] [INFO] Bookings fetched | {"phone":"6205531392","count":38} | IP:::1 GET /mono-kwikar/backend/user_api.php?action=get_bookings&phone=6205531392
[2026-05-04 13:01:15] [INFO] Bookings fetched | {"phone":"6205531392","count":38} | IP:::1 GET /mono-kwikar/backend/user_api.php?action=get_bookings&phone=6205531392
[2026-05-04 13:03:25] [INFO] Bookings fetched | {"phone":"6205531392","count":38} | IP:::1 GET /mono-kwikar/backend/user_api.php?action=get_bookings&phone=6205531392
[2026-05-04 13:13:53] [INFO] Bookings fetched | {"phone":"6205531392","count":38} | IP:::1 GET /mono-kwikar/backend/user_api.php?action=get_bookings&phone=6205531392
[2026-05-04 13:17:01] [INFO] Bookings fetched | {"phone":"6205531392","count":38} | IP:::1 GET /mono-kwikar/backend/user_api.php?action=get_bookings&phone=6205531392
[2026-05-04 13:21:37] [INFO] Bookings fetched | {"phone":"6205531392","count":38} | IP:::1 GET /mono-kwikar/backend/user_api.php?action=get_bookings&phone=6205531392
[2026-05-04 13:22:54] [WARNING] Unknown action | {"action":"save_technician"} | IP:::1 POST /mono-kwikar/backend/booking_api.php
[2026-05-04 13:26:39] [INFO] Bookings fetched | {"phone":"6205531392","count":38} | IP:::1 GET /mono-kwikar/backend/user_api.php?action=get_bookings&phone=6205531392
[2026-05-04 13:27:57] [INFO] Bookings fetched | {"phone":"6205531392","count":38} | IP:::1 GET /mono-kwikar/backend/user_api.php?action=get_bookings&phone=6205531392
[2026-05-04 13:29:44] [INFO] Bookings fetched | {"phone":"6205531392","count":38} | IP:::1 GET /mono-kwikar/backend/user_api.php?action=get_bookings&phone=6205531392
[2026-05-04 13:33:32] [INFO] Bookings fetched | {"phone":"6205531392","count":38} | IP:::1 GET /mono-kwikar/backend/user_api.php?action=get_bookings&phone=6205531392
[2026-05-04 13:34:13] [INFO] Bookings fetched | {"phone":"6205531392","count":38} | IP:::1 GET /mono-kwikar/backend/user_api.php?action=get_bookings&phone=6205531392
[2026-05-04 13:41:01] [INFO] Bookings fetched | {"phone":"6205531392","count":38} | IP:::1 GET /mono-kwikar/backend/user_api.php?action=get_bookings&phone=6205531392
[2026-05-04 13:42:18] [INFO] Bookings fetched | {"phone":"6205531392","count":38} | IP:::1 GET /mono-kwikar/backend/user_api.php?action=get_bookings&phone=6205531392
[2026-05-04 13:46:00] [INFO] Bookings fetched | {"phone":"6205531392","count":38} | IP:::1 GET /mono-kwikar/backend/user_api.php?action=get_bookings&phone=6205531392
[2026-05-04 13:47:13] [WARNING] Unknown action | {"action":"save_technician"} | IP:::1 POST /mono-kwikar/backend/booking_api.php
[2026-05-04 13:48:16] [INFO] Bookings fetched | {"phone":"6205531392","count":38} | IP:::1 GET /mono-kwikar/backend/user_api.php?action=get_bookings&phone=6205531392
[2026-05-04 13:51:34] [INFO] Bookings fetched | {"phone":"6205531392","count":38} | IP:::1 GET /mono-kwikar/backend/user_api.php?action=get_bookings&phone=6205531392
[2026-05-04 13:53:34] [INFO] Bookings fetched | {"phone":"6205531392","count":38} | IP:::1 GET /mono-kwikar/backend/user_api.php?action=get_bookings&phone=6205531392
[2026-05-04 13:56:44] [INFO] Bookings fetched | {"phone":"6205531392","count":38} | IP:::1 GET /mono-kwikar/backend/user_api.php?action=get_bookings&phone=6205531392
[2026-05-04 13:58:18] [INFO] Bookings fetched | {"phone":"6205531392","count":38} | IP:::1 GET /mono-kwikar/backend/user_api.php?action=get_bookings&phone=6205531392
[2026-05-04 14:00:23] [INFO] Bookings fetched | {"phone":"6205531392","count":38} | IP:::1 GET /mono-kwikar/backend/user_api.php?action=get_bookings&phone=6205531392
[2026-05-04 14:02:18] [INFO] Bookings fetched | {"phone":"6205531392","count":38} | IP:::1 GET /mono-kwikar/backend/user_api.php?action=get_bookings&phone=6205531392
[2026-05-04 14:07:26] [INFO] Bookings fetched | {"phone":"6205531392","count":38} | IP:::1 GET /mono-kwikar/backend/user_api.php?action=get_bookings&phone=6205531392
[2026-05-04 14:07:44] [INFO] Bookings fetched | {"phone":"6205531392","count":38} | IP:::1 GET /mono-kwikar/backend/user_api.php?action=get_bookings&phone=6205531392
[2026-05-04 14:08:58] [INFO] Bookings fetched | {"phone":"6205531392","count":38} | IP:::1 GET /mono-kwikar/backend/user_api.php?action=get_bookings&phone=6205531392
[2026-05-04 14:09:51] [INFO] Bookings fetched | {"phone":"6205531392","count":38} | IP:::1 GET /mono-kwikar/backend/user_api.php?action=get_bookings&phone=6205531392
[2026-05-04 14:10:56] [INFO] Bookings fetched | {"phone":"6205531392","count":38} | IP:::1 GET /mono-kwikar/backend/user_api.php?action=get_bookings&phone=6205531392
[2026-05-04 14:12:27] [INFO] Technician application saved | {"id":"1","phone":"6205531392"} | IP:::1 POST /mono-kwikar/backend/booking_api.php
[2026-05-04 14:51:10] [INFO] Bookings fetched | {"phone":"6205531392","count":38} | IP:::1 GET /mono-kwikar/backend/user_api.php?action=get_bookings&phone=6205531392
[2026-05-04 14:51:46] [INFO] Bookings fetched | {"phone":"6205531392","count":38} | IP:::1 GET /mono-kwikar/backend/user_api.php?action=get_bookings&phone=6205531392
[2026-05-04 14:53:30] [INFO] Bookings fetched | {"phone":"6205531392","count":38} | IP:::1 GET /mono-kwikar/backend/user_api.php?action=get_bookings&phone=6205531392
[2026-05-04 14:53:32] [INFO] Bookings fetched | {"phone":"6205531392","count":38} | IP:::1 GET /mono-kwikar/backend/user_api.php?action=get_bookings&phone=6205531392
[2026-05-04 14:54:17] [INFO] Bookings fetched | {"phone":"6205531392","count":38} | IP:::1 GET /mono-kwikar/backend/user_api.php?action=get_bookings&phone=6205531392
