[2026-05-03 12:35:33] [PHP_ERROR] Undefined variable $dbname | {"code":2,"file":"booking_api.php","line":13} | IP:::1 POST /mono-kwikar/backend/booking_api.php
[2026-05-03 12:35:33] [ERROR] DB connection failed | {"error":"SQLSTATE[42000]: Syntax error or access violation: 1102 Incorrect database name ''"} | IP:::1 POST /mono-kwikar/backend/booking_api.php
[2026-05-03 12:35:37] [PHP_ERROR] Undefined variable $dbname | {"code":2,"file":"booking_api.php","line":13} | IP:::1 POST /mono-kwikar/backend/booking_api.php
[2026-05-03 12:35:37] [ERROR] DB connection failed | {"error":"SQLSTATE[42000]: Syntax error or access violation: 1102 Incorrect database name ''"} | IP:::1 POST /mono-kwikar/backend/booking_api.php
[2026-05-03 12:44:07] [INFO] DB connected | {"db":"kwikar"} | IP:::1 POST /mono-kwikar/backend/booking_api.php
[2026-05-03 12:44:07] [INFO] Booking created | {"id":"9","service":"ac","pincode":"812000","available":0} | IP:::1 POST /mono-kwikar/backend/booking_api.php
[2026-05-03 12:46:35] [INFO] DB connected | {"db":"kwikar"} | IP:::1 POST /mono-kwikar/backend/booking_api.php
[2026-05-03 12:46:35] [INFO] Booking created | {"id":"10","service":"ac","pincode":"812000","available":0} | IP:::1 POST /mono-kwikar/backend/booking_api.php
[2026-05-03 12:47:02] [INFO] DB connected | {"db":"kwikar"} | IP:::1 POST /mono-kwikar/backend/booking_api.php
[2026-05-03 12:47:02] [INFO] Feedback saved | {"pincode":"812000","wants":0} | IP:::1 POST /mono-kwikar/backend/booking_api.php
[2026-05-03 12:53:07] [INFO] DB connected | {"db":"kwikar"} | IP:::1 POST /mono-kwikar/backend/booking_api.php
[2026-05-03 12:53:07] [INFO] Booking created | {"id":"11","service":"fridge","pincode":"812000","available":0} | IP:::1 POST /mono-kwikar/backend/booking_api.php
[2026-05-03 12:53:11] [INFO] DB connected | {"db":"kwikar"} | IP:::1 POST /mono-kwikar/backend/booking_api.php
[2026-05-03 12:53:11] [INFO] Feedback saved | {"pincode":"812000","wants":0} | IP:::1 POST /mono-kwikar/backend/booking_api.php
[2026-05-03 12:53:58] [INFO] DB connected | {"db":"kwikar"} | IP:::1 POST /mono-kwikar/backend/booking_api.php
[2026-05-03 12:53:58] [INFO] Booking created | {"id":"12","service":"fridge","pincode":"812000","available":0} | IP:::1 POST /mono-kwikar/backend/booking_api.php
[2026-05-03 12:54:03] [INFO] DB connected | {"db":"kwikar"} | IP:::1 POST /mono-kwikar/backend/booking_api.php
[2026-05-03 12:54:03] [INFO] Feedback saved | {"pincode":"812000","wants":1} | IP:::1 POST /mono-kwikar/backend/booking_api.php
[2026-05-03 13:09:53] [INFO] DB connected | {"db":"kwikar"} | IP:::1 POST /mono-kwikar/backend/booking_api.php
[2026-05-03 13:09:53] [INFO] Booking created | {"id":"13","service":"ac","pincode":"812000","available":0} | IP:::1 POST /mono-kwikar/backend/booking_api.php
[2026-05-03 13:09:54] [INFO] DB connected | {"db":"kwikar"} | IP:::1 POST /mono-kwikar/backend/booking_api.php
[2026-05-03 13:09:54] [INFO] Feedback saved | {"pincode":"812000","wants":0} | IP:::1 POST /mono-kwikar/backend/booking_api.php
[2026-05-03 13:22:56] [INFO] DB connected | {"db":"kwikar"} | IP:::1 POST /mono-kwikar/backend/booking_api.php
[2026-05-03 13:22:56] [INFO] Booking created | {"id":"14","service":"ac","pincode":"812000","available":0} | IP:::1 POST /mono-kwikar/backend/booking_api.php
[2026-05-03 13:23:18] [INFO] DB connected | {"db":"kwikar"} | IP:::1 POST /mono-kwikar/backend/booking_api.php
[2026-05-03 13:23:18] [INFO] Feedback saved | {"pincode":"812000","wants":1} | IP:::1 POST /mono-kwikar/backend/booking_api.php
[2026-05-03 13:25:41] [INFO] DB connected | {"db":"kwikar"} | IP:::1 POST /mono-kwikar/backend/booking_api.php
[2026-05-03 13:25:41] [INFO] Booking created | {"id":"15","service":"fridge","pincode":"812000","available":0} | IP:::1 POST /mono-kwikar/backend/booking_api.php
[2026-05-03 13:29:35] [INFO] DB connected | {"db":"kwikar"} | IP:::1 POST /mono-kwikar/backend/booking_api.php
[2026-05-03 13:29:35] [INFO] Booking created | {"id":"16","service":"fridge","pincode":"812000","available":0} | IP:::1 POST /mono-kwikar/backend/booking_api.php
[2026-05-03 13:30:00] [INFO] DB connected | {"db":"kwikar"} | IP:::1 POST /mono-kwikar/backend/booking_api.php
[2026-05-03 13:30:00] [INFO] Feedback saved | {"pincode":"812000","wants":1} | IP:::1 POST /mono-kwikar/backend/booking_api.php
[2026-05-03 13:31:13] [INFO] DB connected | {"db":"kwikar"} | IP:::1 POST /mono-kwikar/backend/booking_api.php
[2026-05-03 13:31:13] [INFO] Booking created | {"id":"17","service":"ac","pincode":"812000","available":0} | IP:::1 POST /mono-kwikar/backend/booking_api.php
[2026-05-03 13:32:14] [INFO] DB connected | {"db":"kwikar"} | IP:::1 POST /mono-kwikar/backend/booking_api.php
[2026-05-03 13:32:14] [INFO] Feedback saved | {"pincode":"812000","wants":0} | IP:::1 POST /mono-kwikar/backend/booking_api.php
[2026-05-03 13:33:13] [INFO] DB connected | {"db":"kwikar"} | IP:::1 POST /mono-kwikar/backend/booking_api.php
[2026-05-03 13:33:13] [INFO] Booking created | {"id":"18","service":"ac","pincode":"812006","available":1} | IP:::1 POST /mono-kwikar/backend/booking_api.php
[2026-05-03 13:33:57] [INFO] DB connected | {"db":"kwikar"} | IP:::1 POST /mono-kwikar/backend/booking_api.php
[2026-05-03 13:33:57] [INFO] Booking created | {"id":"19","service":"washing","pincode":"812000","available":0} | IP:::1 POST /mono-kwikar/backend/booking_api.php
[2026-05-03 13:35:34] [INFO] DB connected | {"db":"kwikar"} | IP:::1 POST /mono-kwikar/backend/booking_api.php
[2026-05-03 13:35:34] [INFO] Booking created | {"id":"20","service":"washing","pincode":"812000","available":0} | IP:::1 POST /mono-kwikar/backend/booking_api.php
[2026-05-03 13:35:36] [INFO] DB connected | {"db":"kwikar"} | IP:::1 POST /mono-kwikar/backend/booking_api.php
[2026-05-03 13:35:36] [INFO] Feedback saved | {"pincode":"812000","wants":1} | IP:::1 POST /mono-kwikar/backend/booking_api.php
[2026-05-03 13:39:41] [INFO] DB connected | {"db":"kwikar"} | IP:::1 POST /mono-kwikar/backend/booking_api.php
[2026-05-03 13:39:41] [INFO] Booking created | {"id":"21","service":"washing","pincode":"812000","available":0} | IP:::1 POST /mono-kwikar/backend/booking_api.php
[2026-05-03 13:39:47] [INFO] DB connected | {"db":"kwikar"} | IP:::1 POST /mono-kwikar/backend/booking_api.php
[2026-05-03 13:39:47] [INFO] Feedback saved | {"pincode":"812000","wants":1} | IP:::1 POST /mono-kwikar/backend/booking_api.php
[2026-05-03 13:40:11] [INFO] DB connected | {"db":"kwikar"} | IP:::1 POST /mono-kwikar/backend/booking_api.php
[2026-05-03 13:40:11] [INFO] Booking created | {"id":"22","service":"ac","pincode":"812000","available":0} | IP:::1 POST /mono-kwikar/backend/booking_api.php
[2026-05-03 13:40:18] [INFO] DB connected | {"db":"kwikar"} | IP:::1 POST /mono-kwikar/backend/booking_api.php
[2026-05-03 13:40:18] [INFO] Feedback saved | {"pincode":"812000","wants":0} | IP:::1 POST /mono-kwikar/backend/booking_api.php
[2026-05-03 13:40:35] [INFO] DB connected | {"db":"kwikar"} | IP:::1 POST /mono-kwikar/backend/booking_api.php
[2026-05-03 13:40:35] [INFO] Booking created | {"id":"23","service":"fridge","pincode":"812006","available":1} | IP:::1 POST /mono-kwikar/backend/booking_api.php
[2026-05-03 13:44:06] [INFO] DB connected | {"db":"kwikar"} | IP:::1 POST /mono-kwikar/backend/booking_api.php
[2026-05-03 13:44:06] [INFO] Booking created | {"id":"24","service":"ac","pincode":"812000","available":0} | IP:::1 POST /mono-kwikar/backend/booking_api.php
[2026-05-03 13:47:42] [INFO] DB connected | {"db":"kwikar"} | IP:::1 POST /mono-kwikar/backend/booking_api.php
[2026-05-03 13:47:42] [INFO] Feedback saved | {"pincode":"812000","wants":0} | IP:::1 POST /mono-kwikar/backend/booking_api.php
[2026-05-03 13:48:06] [INFO] DB connected | {"db":"kwikar"} | IP:::1 POST /mono-kwikar/backend/booking_api.php
[2026-05-03 13:48:06] [INFO] Booking created | {"id":"25","service":"ac","pincode":"812000","available":0} | IP:::1 POST /mono-kwikar/backend/booking_api.php
[2026-05-03 13:48:19] [INFO] DB connected | {"db":"kwikar"} | IP:::1 POST /mono-kwikar/backend/booking_api.php
[2026-05-03 13:48:19] [INFO] Feedback saved | {"pincode":"812000","wants":0} | IP:::1 POST /mono-kwikar/backend/booking_api.php
[2026-05-03 17:12:12] [INFO] DB connected | {"db":"kwikar"} | IP:::1 POST /mono-kwikar/backend/booking_api.php
[2026-05-03 17:12:13] [INFO] Booking created | {"id":"26","service":"ac","pincode":"812000","available":0} | IP:::1 POST /mono-kwikar/backend/booking_api.php
[2026-05-03 17:57:57] [INFO] DB connected | {"db":"kwikar"} | IP:::1 POST /mono-kwikar/backend/booking_api.php
[2026-05-03 17:57:57] [INFO] Feedback saved | {"pincode":"812000","wants":1} | IP:::1 POST /mono-kwikar/backend/booking_api.php
[2026-05-03 17:58:18] [INFO] DB connected | {"db":"kwikar"} | IP:::1 POST /mono-kwikar/backend/booking_api.php
[2026-05-03 17:58:18] [INFO] Booking created | {"id":"27","service":"ac","pincode":"812000","available":0} | IP:::1 POST /mono-kwikar/backend/booking_api.php
[2026-05-03 17:59:48] [INFO] DB connected | {"db":"kwikar"} | IP:::1 POST /mono-kwikar/backend/booking_api.php
[2026-05-03 17:59:48] [INFO] Feedback saved | {"pincode":"812000","wants":0} | IP:::1 POST /mono-kwikar/backend/booking_api.php
[2026-05-03 18:00:53] [INFO] DB connected | {"db":"kwikar"} | IP:::1 POST /mono-kwikar/backend/booking_api.php
[2026-05-03 18:00:54] [INFO] Booking created | {"id":"28","service":"ac","pincode":"812000","available":0} | IP:::1 POST /mono-kwikar/backend/booking_api.php
[2026-05-03 18:02:39] [INFO] DB connected | {"db":"kwikar"} | IP:::1 POST /mono-kwikar/backend/booking_api.php
[2026-05-03 18:02:39] [INFO] Booking created | {"id":"29","service":"ac","pincode":"812000","available":0} | IP:::1 POST /mono-kwikar/backend/booking_api.php
[2026-05-03 18:06:00] [INFO] DB connected | {"db":"kwikar"} | IP:::1 POST /mono-kwikar/backend/booking_api.php
[2026-05-03 18:06:00] [INFO] Booking created | {"id":"30","service":"ac","pincode":"812000","available":0} | IP:::1 POST /mono-kwikar/backend/booking_api.php
[2026-05-03 18:11:17] [INFO] DB connected | {"db":"kwikar"} | IP:::1 POST /mono-kwikar/backend/booking_api.php
[2026-05-03 18:11:17] [INFO] Booking created | {"id":"31","service":"ac","pincode":"812000","available":0} | IP:::1 POST /mono-kwikar/backend/booking_api.php
[2026-05-03 18:19:14] [INFO] DB connected | {"db":"kwikar"} | IP:::1 POST /mono-kwikar/backend/booking_api.php
[2026-05-03 18:19:14] [INFO] Booking created | {"id":"32","service":"ac","pincode":"812000","available":0} | IP:::1 POST /mono-kwikar/backend/booking_api.php
[2026-05-03 18:20:59] [INFO] DB connected | {"db":"kwikar"} | IP:::1 POST /mono-kwikar/backend/booking_api.php
[2026-05-03 18:20:59] [INFO] Booking created | {"id":"33","service":"ac","pincode":"812000","available":0} | IP:::1 POST /mono-kwikar/backend/booking_api.php
[2026-05-03 18:23:43] [INFO] DB connected | {"db":"kwikar"} | IP:::1 POST /mono-kwikar/backend/booking_api.php
[2026-05-03 18:23:43] [INFO] Booking created | {"id":"34","service":"ac","pincode":"812000","available":0} | IP:::1 POST /mono-kwikar/backend/booking_api.php
[2026-05-03 18:25:53] [INFO] DB connected | {"db":"kwikar"} | IP:::1 POST /mono-kwikar/backend/booking_api.php
[2026-05-03 18:25:53] [INFO] Feedback saved | {"pincode":"812000","wants":1} | IP:::1 POST /mono-kwikar/backend/booking_api.php
