[2026-05-08 11:06:31] [INFO] Bookings fetched | {"phone":"9534862453","count":3} | IP:::1 GET /mono-kwikar/backend/user_api.php?action=get_bookings&phone=9534862453
[2026-05-08 11:12:24] [INFO] Bookings fetched | {"phone":"9534862453","count":3} | IP:::1 GET /mono-kwikar/backend/user_api.php?action=get_bookings&phone=9534862453
[2026-05-08 11:12:25] [INFO] Bookings fetched | {"phone":"9534862453","count":3} | IP:::1 GET /mono-kwikar/backend/user_api.php?action=get_bookings&phone=9534862453
[2026-05-08 11:12:30] [WARNING] Unknown action | {"action":""} | IP:::1 POST /mono-kwikar/backend/user_api.php
[2026-05-08 11:12:37] [INFO] Bookings fetched | {"phone":"9534862453","count":3} | IP:::1 GET /mono-kwikar/backend/user_api.php?action=get_bookings&phone=9534862453
[2026-05-08 11:12:57] [WARNING] Unknown action | {"action":""} | IP:::1 POST /mono-kwikar/backend/user_api.php
[2026-05-08 13:28:57] [INFO] Bookings fetched | {"phone":"9534862453","count":3} | IP:::1 GET /mono-kwikar/backend/user_api.php?action=get_bookings&phone=9534862453
[2026-05-08 13:29:00] [INFO] Bookings fetched | {"phone":"9534862453","count":3} | IP:::1 GET /mono-kwikar/backend/user_api.php?action=get_bookings&phone=9534862453
[2026-05-08 13:29:09] [INFO] Bookings fetched | {"phone":"9534862453","count":3} | IP:::1 GET /mono-kwikar/backend/user_api.php?action=get_bookings&phone=9534862453
[2026-05-08 13:29:13] [INFO] Bookings fetched | {"phone":"9534862453","count":3} | IP:::1 GET /mono-kwikar/backend/user_api.php?action=get_bookings&phone=9534862453
[2026-05-08 13:29:18] [INFO] Bookings fetched | {"phone":"9534862453","count":3} | IP:::1 GET /mono-kwikar/backend/user_api.php?action=get_bookings&phone=9534862453
[2026-05-08 13:29:21] [INFO] Bookings fetched | {"phone":"9534862453","count":3} | IP:::1 GET /mono-kwikar/backend/user_api.php?action=get_bookings&phone=9534862453
[2026-05-08 13:29:22] [INFO] Bookings fetched | {"phone":"9534862453","count":3} | IP:::1 GET /mono-kwikar/backend/user_api.php?action=get_bookings&phone=9534862453
[2026-05-08 13:29:35] [INFO] Booking created | {"id":"5","service":"washing","pincode":"812006","available":1} | IP:::1 POST /mono-kwikar/backend/booking_api.php
[2026-05-08 13:29:36] [INFO] Bookings fetched | {"phone":"9534862453","count":4} | IP:::1 GET /mono-kwikar/backend/user_api.php?action=get_bookings&phone=9534862453
[2026-05-08 13:29:37] [INFO] Bookings fetched | {"phone":"9534862453","count":4} | IP:::1 GET /mono-kwikar/backend/user_api.php?action=get_bookings&phone=9534862453
[2026-05-08 13:29:44] [INFO] Booking cancelled by user | {"id":5,"phone":"9534862453"} | IP:::1 POST /mono-kwikar/backend/user_api.php?action=cancel_booking
[2026-05-08 13:29:44] [INFO] Bookings fetched | {"phone":"9534862453","count":4} | IP:::1 GET /mono-kwikar/backend/user_api.php?action=get_bookings&phone=9534862453
[2026-05-08 13:29:45] [INFO] Bookings fetched | {"phone":"9534862453","count":4} | IP:::1 GET /mono-kwikar/backend/user_api.php?action=get_bookings&phone=9534862453
[2026-05-08 13:29:51] [INFO] Bookings fetched | {"phone":"9534862453","count":4} | IP:::1 GET /mono-kwikar/backend/user_api.php?action=get_bookings&phone=9534862453
[2026-05-08 13:31:52] [INFO] Bookings fetched | {"phone":"9534862453","count":4} | IP:::1 GET /mono-kwikar/backend/user_api.php?action=get_bookings&phone=9534862453
[2026-05-08 13:31:59] [INFO] Bookings fetched | {"phone":"9534862453","count":4} | IP:::1 GET /mono-kwikar/backend/user_api.php?action=get_bookings&phone=9534862453
[2026-05-08 13:37:54] [INFO] Technician saved | {"phone":"6205531398"} | IP:::1 POST /mono-kwikar/backend/booking_api.php
[2026-05-08 13:53:05] [INFO] User saved | {"phone":"6205531391","with_pin":true} | IP:::1 POST /mono-kwikar/backend/user_api.php?action=save_user
[2026-05-08 13:53:05] [INFO] Bookings fetched | {"phone":"6205531391","count":0} | IP:::1 GET /mono-kwikar/backend/user_api.php?action=get_bookings&phone=6205531391
[2026-05-08 13:54:29] [INFO] Bookings fetched | {"phone":"6205531391","count":0} | IP:::1 GET /mono-kwikar/backend/user_api.php?action=get_bookings&phone=6205531391
[2026-05-08 13:58:06] [INFO] Technician saved | {"phone":"6205531393","with_pin":true} | IP:::1 POST /mono-kwikar/backend/booking_api.php
[2026-05-08 14:10:33] [INFO] Technician saved | {"phone":"6205531394","with_pin":true} | IP:::1 POST /mono-kwikar/backend/booking_api.php
[2026-05-08 14:11:50] [INFO] Bookings fetched | {"phone":"6205531391","count":0} | IP:::1 GET /mono-kwikar/backend/user_api.php?action=get_bookings&phone=6205531391
[2026-05-08 14:15:01] [INFO] Bookings fetched | {"phone":"6205531391","count":0} | IP:::1 GET /mono-kwikar/backend/user_api.php?action=get_bookings&phone=6205531391
