[2026-05-07 07:52:32] [INFO] Bookings fetched | {"phone":"6205531392","count":38} | IP:::1 GET /mono-kwikar/backend/user_api.php?action=get_bookings&phone=6205531392
[2026-05-07 07:52:42] [INFO] Bookings fetched | {"phone":"6205531392","count":38} | IP:::1 GET /mono-kwikar/backend/user_api.php?action=get_bookings&phone=6205531392
[2026-05-07 07:53:42] [INFO] Bookings fetched | {"phone":"9534862453","count":0} | IP:::1 GET /mono-kwikar/backend/user_api.php?action=get_bookings&phone=9534862453
[2026-05-07 07:54:00] [INFO] Bookings fetched | {"phone":"6205531392","count":38} | IP:::1 GET /mono-kwikar/backend/user_api.php?action=get_bookings&phone=6205531392
[2026-05-07 07:54:06] [INFO] Bookings fetched | {"phone":"6205531392","count":38} | IP:::1 GET /mono-kwikar/backend/user_api.php?action=get_bookings&phone=6205531392
[2026-05-07 08:02:03] [INFO] Bookings fetched | {"phone":"6205531392","count":38} | IP:::1 GET /mono-kwikar/backend/user_api.php?action=get_bookings&phone=6205531392
[2026-05-07 08:02:05] [INFO] Bookings fetched | {"phone":"6205531392","count":38} | IP:::1 GET /mono-kwikar/backend/user_api.php?action=get_bookings&phone=6205531392
[2026-05-07 08:02:17] [INFO] Bookings fetched | {"phone":"6205531392","count":38} | IP:::1 GET /mono-kwikar/backend/user_api.php?action=get_bookings&phone=6205531392
[2026-05-07 08:13:09] [INFO] Bookings fetched | {"phone":"6205531392","count":38} | IP:::1 GET /mono-kwikar/backend/user_api.php?action=get_bookings&phone=6205531392
[2026-05-07 08:13:12] [INFO] Bookings fetched | {"phone":"6205531392","count":38} | IP:::1 GET /mono-kwikar/backend/user_api.php?action=get_bookings&phone=6205531392
[2026-05-07 08:13:19] [INFO] Bookings fetched | {"phone":"6205531392","count":38} | IP:::1 GET /mono-kwikar/backend/user_api.php?action=get_bookings&phone=6205531392
[2026-05-07 08:13:26] [INFO] Bookings fetched | {"phone":"6205531392","count":38} | IP:::1 GET /mono-kwikar/backend/user_api.php?action=get_bookings&phone=6205531392
[2026-05-07 08:15:18] [INFO] Bookings fetched | {"phone":"6205531392","count":38} | IP:::1 GET /mono-kwikar/backend/user_api.php?action=get_bookings&phone=6205531392
[2026-05-07 08:15:21] [INFO] Bookings fetched | {"phone":"6205531392","count":38} | IP:::1 GET /mono-kwikar/backend/user_api.php?action=get_bookings&phone=6205531392
[2026-05-07 08:17:39] [INFO] Bookings fetched | {"phone":"6205531392","count":38} | IP:::1 GET /mono-kwikar/backend/user_api.php?action=get_bookings&phone=6205531392
[2026-05-07 08:17:49] [INFO] Bookings fetched | {"phone":"6205531392","count":38} | IP:::1 GET /mono-kwikar/backend/user_api.php?action=get_bookings&phone=6205531392
[2026-05-07 08:17:51] [INFO] Bookings fetched | {"phone":"6205531392","count":38} | IP:::1 GET /mono-kwikar/backend/user_api.php?action=get_bookings&phone=6205531392
[2026-05-07 08:18:01] [INFO] Bookings fetched | {"phone":"6205531392","count":38} | IP:::1 GET /mono-kwikar/backend/user_api.php?action=get_bookings&phone=6205531392
[2026-05-07 08:18:01] [INFO] Bookings fetched | {"phone":"6205531392","count":38} | IP:::1 GET /mono-kwikar/backend/user_api.php?action=get_bookings&phone=6205531392
[2026-05-07 08:18:16] [INFO] Bookings fetched | {"phone":"6205531392","count":38} | IP:::1 GET /mono-kwikar/backend/user_api.php?action=get_bookings&phone=6205531392
[2026-05-07 08:18:29] [INFO] Bookings fetched | {"phone":"6205531392","count":38} | IP:::1 GET /mono-kwikar/backend/user_api.php?action=get_bookings&phone=6205531392
[2026-05-07 08:21:34] [INFO] Bookings fetched | {"phone":"6205531392","count":38} | IP:::1 GET /mono-kwikar/backend/user_api.php?action=get_bookings&phone=6205531392
[2026-05-07 08:25:04] [INFO] Bookings fetched | {"phone":"6205531392","count":38} | IP:::1 GET /mono-kwikar/backend/user_api.php?action=get_bookings&phone=6205531392
[2026-05-07 08:26:31] [INFO] Bookings fetched | {"phone":"6205531392","count":38} | IP:::1 GET /mono-kwikar/backend/user_api.php?action=get_bookings&phone=6205531392
[2026-05-07 08:27:35] [INFO] Bookings fetched | {"phone":"6205531392","count":38} | IP:::1 GET /mono-kwikar/backend/user_api.php?action=get_bookings&phone=6205531392
[2026-05-07 10:16:21] [INFO] Bookings fetched | {"phone":"6205531392","count":38} | IP:::1 GET /mono-kwikar/backend/user_api.php?action=get_bookings&phone=6205531392
[2026-05-07 10:17:31] [INFO] Technician application saved | {"id":"4","phone":"6205531392"} | IP:::1 POST /mono-kwikar/backend/booking_api.php
[2026-05-07 10:17:34] [INFO] Bookings fetched | {"phone":"6205531392","count":38} | IP:::1 GET /mono-kwikar/backend/user_api.php?action=get_bookings&phone=6205531392
[2026-05-07 10:20:21] [INFO] Bookings fetched | {"phone":"6205531392","count":38} | IP:::1 GET /mono-kwikar/backend/user_api.php?action=get_bookings&phone=6205531392
[2026-05-07 10:20:21] [INFO] Bookings fetched | {"phone":"6205531392","count":38} | IP:::1 GET /mono-kwikar/backend/user_api.php?action=get_bookings&phone=6205531392
[2026-05-07 10:20:21] [INFO] Bookings fetched | {"phone":"6205531392","count":38} | IP:::1 GET /mono-kwikar/backend/user_api.php?action=get_bookings&phone=6205531392
[2026-05-07 10:20:34] [INFO] Bookings fetched | {"phone":"6205531392","count":38} | IP:::1 GET /mono-kwikar/backend/user_api.php?action=get_bookings&phone=6205531392
[2026-05-07 10:20:38] [INFO] Bookings fetched | {"phone":"6205531392","count":38} | IP:::1 GET /mono-kwikar/backend/user_api.php?action=get_bookings&phone=6205531392
[2026-05-07 10:34:30] [INFO] Bookings fetched | {"phone":"6205531392","count":38} | IP:::1 GET /mono-kwikar/backend/user_api.php?action=get_bookings&phone=6205531392
[2026-05-07 10:34:48] [INFO] Bookings fetched | {"phone":"6205531392","count":38} | IP:::1 GET /mono-kwikar/backend/user_api.php?action=get_bookings&phone=6205531392
[2026-05-07 10:34:51] [INFO] Bookings fetched | {"phone":"6205531392","count":38} | IP:::1 GET /mono-kwikar/backend/user_api.php?action=get_bookings&phone=6205531392
[2026-05-07 10:36:20] [INFO] Bookings fetched | {"phone":"6205531392","count":38} | IP:::1 GET /mono-kwikar/backend/user_api.php?action=get_bookings&phone=6205531392
[2026-05-07 10:43:49] [INFO] Technician application saved | {"id":"5","phone":"9534862453"} | IP:::1 POST /mono-kwikar/backend/booking_api.php
[2026-05-07 10:43:52] [INFO] Bookings fetched | {"phone":"9534862453","count":0} | IP:::1 GET /mono-kwikar/backend/user_api.php?action=get_bookings&phone=9534862453
[2026-05-07 11:03:03] [INFO] Bookings fetched | {"phone":"9534862453","count":0} | IP:::1 GET /mono-kwikar/backend/user_api.php?action=get_bookings&phone=9534862453
[2026-05-07 11:03:48] [INFO] Technician application saved | {"id":"6","phone":"6205531395"} | IP:::1 POST /mono-kwikar/backend/booking_api.php
[2026-05-07 11:03:50] [INFO] Bookings fetched | {"phone":"6205531395","count":0} | IP:::1 GET /mono-kwikar/backend/user_api.php?action=get_bookings&phone=6205531395
[2026-05-07 11:05:22] [INFO] Bookings fetched | {"phone":"6205531395","count":0} | IP:::1 GET /mono-kwikar/backend/user_api.php?action=get_bookings&phone=6205531395
[2026-05-07 11:05:23] [INFO] Bookings fetched | {"phone":"6205531395","count":0} | IP:::1 GET /mono-kwikar/backend/user_api.php?action=get_bookings&phone=6205531395
[2026-05-07 11:05:23] [INFO] Bookings fetched | {"phone":"6205531395","count":0} | IP:::1 GET /mono-kwikar/backend/user_api.php?action=get_bookings&phone=6205531395
[2026-05-07 11:05:23] [INFO] Bookings fetched | {"phone":"6205531395","count":0} | IP:::1 GET /mono-kwikar/backend/user_api.php?action=get_bookings&phone=6205531395
[2026-05-07 11:05:26] [INFO] Bookings fetched | {"phone":"6205531395","count":0} | IP:::1 GET /mono-kwikar/backend/user_api.php?action=get_bookings&phone=6205531395
[2026-05-07 11:05:59] [INFO] Bookings fetched | {"phone":"6205531395","count":0} | IP:::1 GET /mono-kwikar/backend/user_api.php?action=get_bookings&phone=6205531395
[2026-05-07 11:23:36] [INFO] Bookings fetched | {"phone":"6205531395","count":0} | IP:::1 GET /mono-kwikar/backend/user_api.php?action=get_bookings&phone=6205531395
[2026-05-07 11:23:40] [INFO] Bookings fetched | {"phone":"6205531395","count":0} | IP:::1 GET /mono-kwikar/backend/user_api.php?action=get_bookings&phone=6205531395
[2026-05-07 11:27:28] [INFO] Technician application saved | {"id":"1","phone":"6205531392"} | IP:::1 POST /mono-kwikar/backend/booking_api.php
[2026-05-07 11:27:31] [INFO] Bookings fetched | {"phone":"6205531392","count":0} | IP:::1 GET /mono-kwikar/backend/user_api.php?action=get_bookings&phone=6205531392
[2026-05-07 11:28:41] [INFO] Bookings fetched | {"phone":"6205531392","count":0} | IP:::1 GET /mono-kwikar/backend/user_api.php?action=get_bookings&phone=6205531392
[2026-05-07 12:36:02] [INFO] User saved | {"phone":"9534862453"} | IP:::1 POST /mono-kwikar/backend/user_api.php?action=save_user
[2026-05-07 12:36:02] [INFO] Bookings fetched | {"phone":"9534862453","count":0} | IP:::1 GET /mono-kwikar/backend/user_api.php?action=get_bookings&phone=9534862453
[2026-05-07 12:36:16] [INFO] Booking created | {"id":"1","service":"ac","pincode":"812006","available":1} | IP:::1 POST /mono-kwikar/backend/booking_api.php
[2026-05-07 12:36:18] [INFO] Bookings fetched | {"phone":"9534862453","count":1} | IP:::1 GET /mono-kwikar/backend/user_api.php?action=get_bookings&phone=9534862453
[2026-05-07 12:36:19] [INFO] Bookings fetched | {"phone":"9534862453","count":1} | IP:::1 GET /mono-kwikar/backend/user_api.php?action=get_bookings&phone=9534862453
[2026-05-07 12:36:23] [INFO] Bookings fetched | {"phone":"9534862453","count":1} | IP:::1 GET /mono-kwikar/backend/user_api.php?action=get_bookings&phone=9534862453
[2026-05-07 12:36:26] [INFO] Bookings fetched | {"phone":"9534862453","count":1} | IP:::1 GET /mono-kwikar/backend/user_api.php?action=get_bookings&phone=9534862453
[2026-05-07 12:36:28] [INFO] Bookings fetched | {"phone":"9534862453","count":1} | IP:::1 GET /mono-kwikar/backend/user_api.php?action=get_bookings&phone=9534862453
[2026-05-07 12:37:26] [INFO] Booking created | {"id":"2","service":"fridge","pincode":"812006","available":1} | IP:::1 POST /mono-kwikar/backend/booking_api.php
[2026-05-07 12:37:44] [INFO] Bookings fetched | {"phone":"9534862453","count":1} | IP:::1 GET /mono-kwikar/backend/user_api.php?action=get_bookings&phone=9534862453
[2026-05-07 12:37:51] [INFO] Bookings fetched | {"phone":"9534862453","count":1} | IP:::1 GET /mono-kwikar/backend/user_api.php?action=get_bookings&phone=9534862453
[2026-05-07 12:38:03] [INFO] Booking created | {"id":"3","service":"fridge","pincode":"812006","available":1} | IP:::1 POST /mono-kwikar/backend/booking_api.php
[2026-05-07 12:38:04] [INFO] Bookings fetched | {"phone":"9534862453","count":2} | IP:::1 GET /mono-kwikar/backend/user_api.php?action=get_bookings&phone=9534862453
[2026-05-07 13:09:57] [INFO] Bookings fetched | {"phone":"9534862453","count":2} | IP:::1 GET /mono-kwikar/backend/user_api.php?action=get_bookings&phone=9534862453
[2026-05-07 13:09:59] [INFO] Bookings fetched | {"phone":"9534862453","count":2} | IP:::1 GET /mono-kwikar/backend/user_api.php?action=get_bookings&phone=9534862453
[2026-05-07 13:16:38] [INFO] Bookings fetched | {"phone":"9534862453","count":2} | IP:::1 GET /mono-kwikar/backend/user_api.php?action=get_bookings&phone=9534862453
[2026-05-07 13:17:34] [INFO] Booking created | {"id":"4","service":"fridge","pincode":"812006","available":1} | IP:::1 POST /mono-kwikar/backend/booking_api.php
[2026-05-07 13:17:35] [INFO] Bookings fetched | {"phone":"9534862453","count":3} | IP:::1 GET /mono-kwikar/backend/user_api.php?action=get_bookings&phone=9534862453
[2026-05-07 13:17:36] [INFO] Bookings fetched | {"phone":"9534862453","count":3} | IP:::1 GET /mono-kwikar/backend/user_api.php?action=get_bookings&phone=9534862453
[2026-05-07 13:19:01] [INFO] Technician saved | {"phone":"9534862453"} | IP:::1 POST /mono-kwikar/backend/booking_api.php
[2026-05-07 13:20:14] [INFO] Bookings fetched | {"phone":"9534862453","count":3} | IP:::1 GET /mono-kwikar/backend/user_api.php?action=get_bookings&phone=9534862453
[2026-05-07 13:20:17] [INFO] Bookings fetched | {"phone":"9534862453","count":3} | IP:::1 GET /mono-kwikar/backend/user_api.php?action=get_bookings&phone=9534862453
[2026-05-07 13:24:52] [INFO] Bookings fetched | {"phone":"9534862453","count":3} | IP:::1 GET /mono-kwikar/backend/user_api.php?action=get_bookings&phone=9534862453
